// Vitest Snapshot v1, https://vitest.dev/guide/snapshot.html

exports[`Artists > should render 1`] = `
<div>
  <div
    class=""
  >
    <div
      class="css-e1989k"
    >
      <div
        class="css-1fkc5kv"
      >
        <a
          class="css-tujm8o"
          color="initial"
          href="/albums"
        >
          <svg
            aria-hidden="true"
            class="StyledIconBase-sc-ea9ulj-0 dmvaRK"
            color="initial"
            fill="currentColor"
            focusable="false"
            height="20"
            style="margin-right: 6px;"
            viewBox="0 0 24 24"
            width="20"
            xmlns="http://www.w3.org/2000/svg"
          >
            <path
              d="M12 2a10 10 0 1 0 10 10A10 10 0 0 0 12 2zm0 18a8 8 0 1 1 8-8 8 8 0 0 1-8 8z"
            />
            <path
              d="M12 8a4 4 0 1 0 4 4 4 4 0 0 0-4-4zm0 6a2 2 0 1 1 2-2 2 2 0 0 1-2 2z"
            />
          </svg>
          <div>
            Albums
          </div>
        </a>
        <a
          class="css-8v05qj"
          color="#fe099c"
          href="/artists"
        >
          <svg
            height="20"
            viewBox="0 0 24 24"
            width="20"
            xmlns="http://www.w3.org/2000/svg"
          >
            <path
              d="M20 4.22a5.67 5.67 0 0 0-9.68 4.57l-8 9.79 3.3 3.3 9.79-8c.18 0 .36.05.55.05a5.7 5.7 0 0 0 4-9.73ZM5.74 19.86l-1.38-1.38 6.44-7.89a5.48 5.48 0 0 0 2.83 2.84Zm13.21-8.65a4.2 4.2 0 1 1 0-5.94 4.17 4.17 0 0 1 0 5.95Z"
              fill="#fe099c"
            />
          </svg>
          <div
            style="margin-left: 6px;"
          >
            Artists
          </div>
        </a>
        <a
          class="css-tujm8o"
          color="initial"
          href="/tracks"
        >
          <svg
            height="20"
            viewBox="0 0 24 24"
            xmlns="http://www.w3.org/2000/svg"
          >
            <path
              d="M8.1 4.65v11.26a3.45 3.45 0 1 0 1.5 2.84V5.85l10.2-2.36v10.62A3.45 3.45 0 1 0 21.3 17V1.61Zm-2 16a2 2 0 1 1 2-2 2 2 0 0 1-1.95 2.05Zm11.7-1.8a1.95 1.95 0 1 1 2-1.85 2 2 0 0 1-1.95 1.9Z"
              fill="initial"
            />
          </svg>
          <div
            style="margin-left: 6px;"
          >
            Songs
          </div>
        </a>
        <a
          class="css-tujm8o"
          color="initial"
          href="/files"
        >
          <svg
            aria-hidden="true"
            class="StyledIconBase-sc-ea9ulj-0 dmvaRK"
            color="initial"
            fill="none"
            focusable="false"
            height="19"
            stroke="currentColor"
            stroke-linecap="round"
            stroke-linejoin="round"
            style="margin-right: 6px;"
            viewBox="0 0 24 24"
            width="19"
            xmlns="http://www.w3.org/2000/svg"
          >
            <line
              x1="22"
              x2="2"
              y1="12"
              y2="12"
            />
            <path
              d="M5.45 5.11 2 12v6a2 2 0 0 0 2 2h16a2 2 0 0 0 2-2v-6l-3.45-6.89A2 2 0 0 0 16.76 4H7.24a2 2 0 0 0-1.79 1.11z"
            />
            <line
              x1="6"
              x2="6.01"
              y1="16"
              y2="16"
            />
            <line
              x1="10"
              x2="10.01"
              y1="16"
              y2="16"
            />
          </svg>
          <div>
            Files
          </div>
        </a>
      </div>
      <div
        class="css-1qxls6i"
      >
        <div
          class="css-1dlrxtg"
        >
          <div
            class="css-1h69jy4"
          >
            <div
              class="css-1ytum11"
            >
              <button
                class="css-10asy2d"
              >
                <svg
                  data-test="icon-PlaybackShuffle"
                  fill="none"
                  height="16"
                  viewBox="0 0 24 24"
                  width="16"
                  xmlns="http://www.w3.org/2000/svg"
                >
                  <path
                    clip-rule="evenodd"
                    d="M16.2 7h2.85l-1.3 1.3c-.4.4-.4 1 0 1.4.25.2.5.3.75.3s.5-.1.7-.3l3-3 .15-.15.05-.05c0-.025.013-.037.025-.05.012-.013.025-.025.025-.05 0-.021 0-.033.004-.044.005-.015.017-.027.046-.056 0-.021 0-.033.004-.044.005-.015.017-.027.046-.056.05-.15.05-.25 0-.4 0-.05 0-.05-.05-.1 0-.021 0-.033-.004-.044-.005-.015-.017-.027-.046-.056 0-.025-.012-.037-.025-.05-.012-.013-.025-.025-.025-.05 0 0 0-.05-.05-.05l-.15-.15-3-3c-.4-.4-1-.4-1.4 0-.4.4-.4 1 0 1.4L19.1 5h-2.85c-1.75 0-3.3.9-4.25 2.35L6.85 15.6c-.55.9-1.5 1.4-2.55 1.4H2.5c-.55 0-1 .45-1 1s.45 1 1 1h1.8c1.75 0 3.3-.9 4.25-2.35L13.7 8.4c.5-.85 1.5-1.4 2.5-1.4ZM2.5 7h1.8c1.05 0 2 .5 2.55 1.4l.45.75 1.2-1.9C7.55 5.8 6 4.95 4.3 4.95H2.5c-.55 0-1 .45-1 1 0 .6.45 1.05 1 1.05Zm19.95 11.2v.05c0 .05 0 .1-.05.1v.05c-.05.1-.1.2-.2.3l-3 3c-.2.2-.45.3-.7.3-.25 0-.5-.1-.75-.3-.4-.4-.4-1 0-1.4l1.3-1.3H16.2c-1.7 0-3.25-.85-4.2-2.3l1.25-1.9.45.75c.55.9 1.5 1.4 2.55 1.4h2.85l-1.3-1.3c-.4-.4-.4-1 0-1.4.4-.4 1-.4 1.4 0l3 3c.1.1.15.2.2.3v.05c.05.05.05.1.05.15v.05c.05.15.05.25 0 .4Z"
                    fill="#000"
                    fill-rule="evenodd"
                  />
                </svg>
              </button>
              <button
                class="css-10asy2d"
              >
                <svg
                  fill="none"
                  height="18"
                  width="18"
                  xmlns="http://www.w3.org/2000/svg"
                >
                  <path
                    class="ionicon"
                    d="M3.55 2c.304 0 .55.243.55.542V7.16l8.001-4.716a1.224 1.224 0 0 1 1.23-.015c.413.23.669.677.669 1.162v9.818c0 .486-.256.932-.669 1.162-.382.216-.853.21-1.23-.015L4.1 9.84v4.618a.546.546 0 0 1-.55.542.546.546 0 0 1-.55-.542V2.542C3 2.243 3.246 2 3.55 2Z"
                    style="fill: #000;"
                  />
                </svg>
              </button>
              <button
                class="css-10asy2d"
              >
                <svg
                  height="32"
                  viewBox="0 0 512 512"
                  width="32"
                  xmlns="http://www.w3.org/2000/svg"
                >
                  <title>
                    Pause
                  </title>
                  <path
                    d="M208 432h-48a16 16 0 0 1-16-16V96a16 16 0 0 1 16-16h48a16 16 0 0 1 16 16v320a16 16 0 0 1-16 16zm144 0h-48a16 16 0 0 1-16-16V96a16 16 0 0 1 16-16h48a16 16 0 0 1 16 16v320a16 16 0 0 1-16 16z"
                    style="fill: #000;"
                  />
                </svg>
              </button>
              <button
                class="css-10asy2d"
              >
                <svg
                  fill="none"
                  height="18"
                  width="18"
                  xmlns="http://www.w3.org/2000/svg"
                >
                  <path
                    class="ionicon"
                    d="M14.45 2a.546.546 0 0 0-.55.542V7.16L5.899 2.444a1.224 1.224 0 0 0-1.23-.015C4.256 2.659 4 3.105 4 3.591v9.818c0 .486.256.932.669 1.162.382.216.853.21 1.23-.015L13.9 9.84v4.618c0 .299.246.542.55.542.304 0 .55-.243.55-.542V2.542A.546.546 0 0 0 14.45 2Z"
                    style="fill: #000;"
                  />
                </svg>
              </button>
              <button
                class="css-10asy2d"
              >
                <svg
                  data-test="icon-PlaybackInactiveRepeat"
                  fill="none"
                  height="16"
                  viewBox="0 0 24 24"
                  width="16"
                  xmlns="http://www.w3.org/2000/svg"
                >
                  <path
                    clip-rule="evenodd"
                    d="M16.293 1.293a1 1 0 0 1 1.414 0l3 3a1 1 0 0 1 0 1.414l-3 3a1 1 0 1 1-1.414-1.414L17.586 6H8.5c-3.298 0-6 2.702-6 6a1 1 0 1 1-2 0c0-4.402 3.598-8 8-8h9.086l-1.293-1.293a1 1 0 0 1 0-1.414ZM23.5 12a1 1 0 1 0-2 0c0 3.298-2.702 6-6 6H6.414l1.293-1.293a1 1 0 1 0-1.414-1.414l-3 3a1 1 0 0 0 0 1.414l3 3a1 1 0 0 0 1.414-1.414L6.414 20H15.5c4.402 0 8-3.598 8-8Z"
                    fill="#000"
                    fill-rule="evenodd"
                  />
                </svg>
              </button>
            </div>
          </div>
          <div
            class="css-frud38"
          >
            <img
              alt="Album cover"
              class="css-31cka"
              src="https://resources.tidal.com/images/fe6787d5/4ba5/4d3e/8576/48943ee6a768/320x320.jpg"
            />
            <div
              class="css-rbpzuh"
            >
              <div
                class="css-1cojt9j"
              >
                Drankin N Smokin
              </div>
              <div
                style="display: flex; flex-direction: row; align-items: center; justify-content: space-between;"
              >
                <div
                  class="css-1jnbdma"
                >
                  02:03
                </div>
                <div
                  class="css-bdl275"
                >
                  Future, Lil Uzi Vert
                  <span
                    class="css-c9cgcr"
                  >
                    -
                  </span>
                  Pluto x Baby Pluto (Deluxe)
                </div>
                <div
                  class="css-1jnbdma"
                >
                  04:15
                </div>
              </div>
              <div
                class="css-1n7uud4"
              >
                <div
                  aria-label="48% Loaded"
                  aria-valuemax="100"
                  aria-valuemin="0"
                  aria-valuenow="48.3219508605943"
                  class="ae"
                  data-baseweb="progress-bar"
                  role="progressbar"
                >
                  <div
                    class="af ag ah ai aj"
                  >
                    <div
                      class="ak al am an ao ap aq ar"
                    >
                      <div
                        class="ak al am an as at ae au av"
                      />
                    </div>
                  </div>
                </div>
              </div>
            </div>
          </div>
          <div
            class="css-nb4c1y"
          >
            <button
              class="css-10asy2d"
            >
              <svg
                aria-hidden="true"
                class="StyledIconBase-sc-ea9ulj-0 dmvaRK"
                fill="currentColor"
                focusable="false"
                height="21"
                viewBox="0 0 20 20"
                width="21"
                xmlns="http://www.w3.org/2000/svg"
              >
                <path
                  d="M14.4 9H8.6c-.552 0-.6.447-.6 1s.048 1 .6 1h5.8c.552 0 .6-.447.6-1s-.048-1-.6-1zm2 5H8.6c-.552 0-.6.447-.6 1s.048 1 .6 1h7.8c.552 0 .6-.447.6-1s-.048-1-.6-1zM8.6 6h7.8c.552 0 .6-.447.6-1s-.048-1-.6-1H8.6c-.552 0-.6.447-.6 1s.048 1 .6 1zM5.4 9H3.6c-.552 0-.6.447-.6 1s.048 1 .6 1h1.8c.552 0 .6-.447.6-1s-.048-1-.6-1zm0 5H3.6c-.552 0-.6.447-.6 1s.048 1 .6 1h1.8c.552 0 .6-.447.6-1s-.048-1-.6-1zm0-10H3.6c-.552 0-.6.447-.6 1s.048 1 .6 1h1.8c.552 0 .6-.447.6-1s-.048-1-.6-1z"
                />
              </svg>
            </button>
          </div>
        </div>
        <div
          class="css-phivbe"
        >
          <div
            class="css-1pv8gyt"
          >
            Artists
          </div>
          <div
            style="margin-bottom: 100px;"
          >
            <div
              class="aw ax"
            >
              <div
                class="ay af az ax b0 b1 b2 b3 b4 b5 b6 b7 b8 b9 ba bb bc bd be bf"
              >
                <div
                  class="ay ae bg bh bi bj bk bl bm bn bo bp bq br bs bt bu bv bw bx by bz c0 c1 c2 c3 c4 c5"
                >
                  <a
                    href="/artists/1"
                    style="text-decoration: none;"
                  >
                    <img
                      class="css-xfzo3c"
                      src="https://resources.tidal.com/images/9be9e74c/1b06/479a/a79e/5c62733d74ac/320x320.jpg"
                    />
                    <div
                      class="css-165pfvn"
                    >
                      Red Hot Chilli Peppers
                    </div>
                  </a>
                </div>
                <div
                  class="ay ae bg bh bi bj bk bl bm bn bo bp bq br bs bt bu bv bw bx by bz c0 c1 c2 c3 c4 c5"
                >
                  <a
                    href="/artists/2"
                    style="text-decoration: none;"
                  >
                    <img
                      class="css-xfzo3c"
                      src="https://resources.tidal.com/images/f87d9afc/075e/43f4/bbbc/7770b46cb8aa/320x320.jpg"
                    />
                    <div
                      class="css-165pfvn"
                    >
                      Daft Punk
                    </div>
                  </a>
                </div>
                <div
                  class="ay ae bg bh bi bj bk bl bm bn bo bp bq br bs bt bu bv bw bx by bz c0 c1 c2 c3 c4 c5"
                >
                  <a
                    href="/artists/3"
                    style="text-decoration: none;"
                  >
                    <img
                      class="css-xfzo3c"
                      src="https://resources.tidal.com/images/c3672adf/ca16/4db3/a375/64904d1f7d39/320x320.jpg"
                    />
                    <div
                      class="css-165pfvn"
                    >
                      Slipknot
                    </div>
                  </a>
                </div>
                <div
                  class="ay ae bg bh bi bj bk bl bm bn bo bp bq br bs bt bu bv bw bx by bz c0 c1 c2 c3 c4 c5"
                >
                  <a
                    href="/artists/4"
                    style="text-decoration: none;"
                  >
                    <img
                      class="css-xfzo3c"
                      src="https://resources.tidal.com/images/2021e89d/f4bd/4d41/9af7/da47dc7564e8/320x320.jpg"
                    />
                    <div
                      class="css-165pfvn"
                    >
                      Big K.R.I.T.
                    </div>
                  </a>
                </div>
                <div
                  class="ay ae bg bh bi bj bk bl bm bn bo bp bq br bs bt bu bv bw bx by bz c0 c1 c2 c3 c4 c5"
                >
                  <a
                    href="/artists/4"
                    style="text-decoration: none;"
                  >
                    <div
                      class="css-qsoif3"
                    >
                      <svg
                        height="75"
                        viewBox="0 0 24 24"
                        width="75"
                        xmlns="http://www.w3.org/2000/svg"
                      >
                        <path
                          d="M20 4.22a5.67 5.67 0 0 0-9.68 4.57l-8 9.79 3.3 3.3 9.79-8c.18 0 .36.05.55.05a5.7 5.7 0 0 0 4-9.73ZM5.74 19.86l-1.38-1.38 6.44-7.89a5.48 5.48 0 0 0 2.83 2.84Zm13.21-8.65a4.2 4.2 0 1 1 0-5.94 4.17 4.17 0 0 1 0 5.95Z"
                          fill="#a4a3a3"
                        />
                      </svg>
                    </div>
                    <div
                      class="css-165pfvn"
                    >
                      Oasis
                    </div>
                  </a>
                </div>
              </div>
            </div>
          </div>
        </div>
      </div>
    </div>
  </div>
  <div
    class=""
  />
</div>
`;
