// Vitest Snapshot v1, https://vitest.dev/guide/snapshot.html

exports[`Sidebar > should render 1`] = `
<div>
  <div
    class=""
  >
    <div
      class="css-1tlxqlf"
    >
      <a
        href="/"
        style="text-decoration: none;"
      >
        <img
          alt="Rockbox"
          src="/src/Assets/rockbox-icon.svg"
          style="width: 40px; margin-bottom: 20px; margin-left: 12px;"
        />
      </a>
      <a
        class="css-8v05qj"
        color="#fe099c"
        href="/albums"
      >
        <svg
          aria-hidden="true"
          class="StyledIconBase-sc-ea9ulj-0 dmvaRK"
          color="#fe099c"
          fill="currentColor"
          focusable="false"
          height="20"
          style="margin-right: 6px;"
          viewBox="0 0 24 24"
          width="20"
          xmlns="http://www.w3.org/2000/svg"
        >
          <path
            d="M12 2a10 10 0 1 0 10 10A10 10 0 0 0 12 2zm0 18a8 8 0 1 1 8-8 8 8 0 0 1-8 8z"
          />
          <path
            d="M12 8a4 4 0 1 0 4 4 4 4 0 0 0-4-4zm0 6a2 2 0 1 1 2-2 2 2 0 0 1-2 2z"
          />
        </svg>
        <div>
          Albums
        </div>
      </a>
      <a
        class="css-tujm8o"
        color="initial"
        href="/artists"
      >
        <svg
          height="20"
          viewBox="0 0 24 24"
          width="20"
          xmlns="http://www.w3.org/2000/svg"
        >
          <path
            d="M20 4.22a5.67 5.67 0 0 0-9.68 4.57l-8 9.79 3.3 3.3 9.79-8c.18 0 .36.05.55.05a5.7 5.7 0 0 0 4-9.73ZM5.74 19.86l-1.38-1.38 6.44-7.89a5.48 5.48 0 0 0 2.83 2.84Zm13.21-8.65a4.2 4.2 0 1 1 0-5.94 4.17 4.17 0 0 1 0 5.95Z"
            fill="initial"
          />
        </svg>
        <div
          style="margin-left: 6px;"
        >
          Artists
        </div>
      </a>
      <a
        class="css-tujm8o"
        color="initial"
        href="/tracks"
      >
        <svg
          height="20"
          viewBox="0 0 24 24"
          xmlns="http://www.w3.org/2000/svg"
        >
          <path
            d="M8.1 4.65v11.26a3.45 3.45 0 1 0 1.5 2.84V5.85l10.2-2.36v10.62A3.45 3.45 0 1 0 21.3 17V1.61Zm-2 16a2 2 0 1 1 2-2 2 2 0 0 1-1.95 2.05Zm11.7-1.8a1.95 1.95 0 1 1 2-1.85 2 2 0 0 1-1.95 1.9Z"
            fill="initial"
          />
        </svg>
        <div
          style="margin-left: 6px;"
        >
          Songs
        </div>
      </a>
      <a
        class="css-tujm8o"
        color="initial"
        href="/files"
      >
        <svg
          aria-hidden="true"
          class="StyledIconBase-sc-ea9ulj-0 dmvaRK"
          color="initial"
          fill="none"
          focusable="false"
          height="19"
          stroke="currentColor"
          stroke-linecap="round"
          stroke-linejoin="round"
          style="margin-right: 6px;"
          viewBox="0 0 24 24"
          width="19"
          xmlns="http://www.w3.org/2000/svg"
        >
          <line
            x1="22"
            x2="2"
            y1="12"
            y2="12"
          />
          <path
            d="M5.45 5.11 2 12v6a2 2 0 0 0 2 2h16a2 2 0 0 0 2-2v-6l-3.45-6.89A2 2 0 0 0 16.76 4H7.24a2 2 0 0 0-1.79 1.11z"
          />
          <line
            x1="6"
            x2="6.01"
            y1="16"
            y2="16"
          />
          <line
            x1="10"
            x2="10.01"
            y1="16"
            y2="16"
          />
        </svg>
        <div>
          Files
        </div>
      </a>
    </div>
  </div>
  <div
    class=""
  />
</div>
`;
