// Vitest Snapshot v1, https://vitest.dev/guide/snapshot.html

exports[`Filter > should render 1`] = `
<div>
  <div
    class=""
  >
    <div
      class="ae af ag ah ai aj ak al am an ao ap aq ar as at au av aw ax ay az b0 b1 b2 b3 b4 b5 b6 b7 b8"
      data-baseweb="input"
    >
      <div
        class="af b9 ba bb ar as ax ay az b0 b7 bc bd b5 be bf"
      >
        <svg
          data-test="icon-ActionActiveSearch"
          fill="none"
          height="20"
          width="20"
          xmlns="http://www.w3.org/2000/svg"
        >
          <path
            clip-rule="evenodd"
            d="M4 9.5a5.5 5.5 0 1 1 11 0 5.5 5.5 0 0 1-11 0ZM9.5 2a7.5 7.5 0 1 0 4.549 13.463l2.744 2.744a1 1 0 0 0 1.414-1.414l-2.744-2.744A7.5 7.5 0 0 0 9.5 2Z"
            fill="#ACAAAA"
            fill-rule="evenodd"
          />
        </svg>
      </div>
      <div
        class="af bg bh ar as ax ay az b0 bd b5"
        data-baseweb="base-input"
      >
        <input
          aria-invalid="false"
          aria-required="false"
          autocomplete="on"
          class="ae b5 bi bj bk bl bm bn bo bp bq bg br bs bt bu bv bw b6 bx ax by az b0 bz c0 c1"
          inputmode="text"
          name="filter"
          placeholder="Search Songs"
          type="text"
          value=""
        />
      </div>
    </div>
  </div>
  <div
    class=""
  />
</div>
`;
